#
# A fatal error has been detected by the Java Runtime Environment:
#
#  EXCEPTION_ACCESS_VIOLATION (0xc0000005) at pc=0x00007ffa9deea1f0, pid=15968, tid=3192
#
# JRE version: OpenJDK Runtime Environment Temurin-25.0.1+8 (25.0.1+8) (build 25.0.1+8-LTS)
# Java VM: OpenJDK 64-Bit Server VM Temurin-25.0.1+8 (25.0.1+8-LTS, mixed mode, sharing, tiered, compressed oops, compressed class ptrs, g1 gc, windows-amd64)
# Problematic frame:
# C  [LLVM-C.dll+0x1ea1f0]
#
# No core dump will be written. Minidumps are not enabled by default on client versions of Windows
#
# If you would like to submit a bug report, please visit:
#   https://github.com/adoptium/adoptium-support/issues
# The crash happened outside the Java Virtual Machine in native code.
# See problematic frame for where to report the bug.
#

---------------  S U M M A R Y ------------

Command Line: --enable-native-access=ALL-UNNAMED -javaagent:C:\Program Files\JetBrains\IntelliJ IDEA Community Edition 2025.2.2\lib\idea_rt.jar=45845 -Dfile.encoding=UTF-8 -Dsun.stdout.encoding=UTF-8 -Dsun.stderr.encoding=UTF-8 ivy.compiler.TestRunner

Host: Intel(R) Core(TM) i5-3360M CPU @ 2.80GHz, 4 cores, 5G,  Windows 10 , 64 bit Build 19041 (10.0.19041.5915)
Time: Sun Aug 23 19:39:55 2026 Arabian Standard Time elapsed time: 0.955971 seconds (0d 0h 0m 0s)

---------------  T H R E A D  ---------------

Current thread (0x0000023ffe711af0):  JavaThread "main"             [_thread_in_native, id=3192, stack(0x000000c390500000,0x000000c390600000) (1024K)]

Stack: [0x000000c390500000,0x000000c390600000],  sp=0x000000c3905fec08,  free space=1019k
Native frames: (J=compiled Java code, j=interpreted, Vv=VM code, C=native code)
C  [LLVM-C.dll+0x1ea1f0]  (no source info available)

Java frames: (J=compiled Java code, j=interpreted, Vv=VM code)
v  ~RuntimeStub::nep_invoker_blob 0x0000023f900bd768
j  java.lang.invoke.LambdaForm$MH+0x0000000011058c00.invoke(Ljava/lang/Object;JJJJ)J+14 java.base@25.0.1
j  java.lang.invoke.LambdaForm$MH+0x000000001105ac00.invokeExact_MT(Ljava/lang/Object;JJJJLjava/lang/Object;)J+25 java.base@25.0.1
j  jdk.internal.foreign.abi.DowncallStub+0x0000000011059000.invoke(Ljava/lang/foreign/SegmentAllocator;Ljava/lang/foreign/MemorySegment;Ljava/lang/foreign/MemorySegment;Ljava/lang/foreign/MemorySegment;Ljava/lang/foreign/MemorySegment;)Ljava/lang/foreign/MemorySegment;+161 java.base@25.0.1
j  java.lang.invoke.LambdaForm$DMH+0x0000000011059400.invokeStaticInit(Ljava/lang/Object;Ljava/lang/Object;Ljava/lang/Object;Ljava/lang/Object;Ljava/lang/Object;Ljava/lang/Object;)Ljava/lang/Object;+18 java.base@25.0.1
j  java.lang.invoke.LambdaForm$MH+0x000000001105a400.invoke(Ljava/lang/Object;Ljava/lang/Object;Ljava/lang/Object;Ljava/lang/Object;)Ljava/lang/Object;+51 java.base@25.0.1
j  java.lang.invoke.LambdaForm$MH+0x0000000011042400.invokeExact_MT(Ljava/lang/Object;Ljava/lang/Object;Ljava/lang/Object;Ljava/lang/Object;Ljava/lang/Object;)Ljava/lang/Object;+22 java.base@25.0.1
j  org.llvm.c.LLVMCore.LLVMBuildAlloca(Ljava/lang/foreign/MemorySegment;Ljava/lang/foreign/MemorySegment;Ljava/lang/foreign/MemorySegment;)Ljava/lang/foreign/MemorySegment;+36
j  ivy.compiler.llvm.IvyLLVMBackend.buildAlloca(Ljava/lang/foreign/Arena;Ljava/lang/String;)Ljava/lang/foreign/MemorySegment;+14
j  ivy.compiler.llvm.IvyLLVMVariableManager.declare(Ljava/lang/foreign/Arena;Ljava/lang/String;)Ljava/lang/foreign/MemorySegment;+33
j  ivy.compiler.llvm.IvyLLVMStatementEmitter.emitVariableDeclaration(I[I[I[I[I[ILjava/lang/foreign/Arena;Livy/compiler/IvyTokenStream;Livy/compiler/IvySourceStream;)Ljava/lang/foreign/MemorySegment;+59
j  ivy.compiler.llvm.IvyLLVMStatementEmitter.emitStatement(I[I[I[I[I[ILjava/lang/foreign/Arena;Livy/compiler/IvyTokenStream;Livy/compiler/IvySourceStream;)Ljava/lang/foreign/MemorySegment;+118
j  ivy.compiler.llvm.IvyLLVMEmitter.emitNode(I[I[I[I[I[I[I[I[ILjava/lang/foreign/Arena;Livy/compiler/IvyTokenStream;Livy/compiler/IvySourceStream;)Ljava/lang/foreign/MemorySegment;+176
j  ivy.compiler.llvm.IvyLLVMEmitter.compileAndFinalize(I[I[I[I[I[I[I[I[ILjava/lang/foreign/Arena;Livy/compiler/IvyTokenStream;Livy/compiler/IvySourceStream;)V+89
j  ivy.compiler.IvyCompilerContext.compile()V+221
j  ivy.compiler.IvyCompilerContext.main([Ljava/lang/String;)V+93
j  ivy.compiler.TestRunner.main([Ljava/lang/String;)V+11
v  ~StubRoutines::call_stub 0x0000023f8ff612ed

siginfo: EXCEPTION_ACCESS_VIOLATION (0xc0000005), reading address 0x0000000000000060


Registers:
RAX=0x0000023f9c238178, RBX=0x0000023f9c238178, RCX=0x0000000000000000, RDX=0x0000023f9ba21168
RSP=0x000000c3905fec08, RBP=0x000000c3905fecf0, RSI=0x0000023f9ba21168, RDI=0x0000023f9ba30160
R8 =0x0000000000000000, R9 =0x000000c3905fecf0, R10=0x00007ffa9de44de0, R11=0x0000023f90527680
R12=0x0000000000000000, R13=0x000000c3905fed60, R14=0x0000000000000000, R15=0x0000023ffe711af0
RIP=0x00007ffa9deea1f0, EFLAGS=0x0000000000010202

XMM[0]=0x3b3b3b3b3b3b3b3b 0x3b3b3b3b3b3b3b3b
XMM[1]=0x0000000000000000 0x0000000000000000
XMM[2]=0x2525252525252525 0x2525252525252525
XMM[3]=0x0000000000000000 0x0000000000000000
XMM[4]=0x0000000000000000 0x0000000000000000
XMM[5]=0x0000000000000000 0x0000000000000000
XMM[6]=0x0000000000000000 0x0000000000000000
XMM[7]=0x0000000000000000 0x0000000000000000
XMM[8]=0x0000000000000000 0x0000000000000000
XMM[9]=0x0000000000000000 0x0000000000000000
XMM[10]=0x0000000000000000 0x0000000000000000
XMM[11]=0x0000000000000000 0x0000000000000000
XMM[12]=0x0000000000000000 0x0000000000000000
XMM[13]=0x0000000000000000 0x0000000000000000
XMM[14]=0x0000000000000000 0x0000000000000000
XMM[15]=0x0000000000000000 0x0000000000000000
  MXCSR=0x00001fa0


Register to memory mapping:

RAX={method} {0x0000023f9c238180} 'linkToNative' '(JJJJLjava/lang/Object;)J' in 'java/lang/invoke/MethodHandle'
RBX={method} {0x0000023f9c238180} 'linkToNative' '(JJJJLjava/lang/Object;)J' in 'java/lang/invoke/MethodHandle'
RCX=0x0 is null
RDX=0x0000023f9ba21168 points into unknown readable memory: 0x0000023f9b9d0550 | 50 05 9d 9b 3f 02 00 00
RSP=0x000000c3905fec08 is pointing into the stack for thread: 0x0000023ffe711af0
RBP=0x000000c3905fecf0 is pointing into the stack for thread: 0x0000023ffe711af0
RSI=0x0000023f9ba21168 points into unknown readable memory: 0x0000023f9b9d0550 | 50 05 9d 9b 3f 02 00 00
RDI=0x0000023f9ba30160 points into unknown readable memory: 0x0000023f9ba30170 | 70 01 a3 9b 3f 02 00 00
R8 =0x0 is null
R9 =0x000000c3905fecf0 is pointing into the stack for thread: 0x0000023ffe711af0
R10=0x00007ffa9de44de0 LLVM-C.dll
R11=0x0000023f90527680 is at entry_point+0 in (nmethod*)0x0000023f90527588
Compiled method (n/a) 1284  889     n 0       java.lang.invoke.MethodHandle::linkToNative(JJJJL)J (native)
 total in heap  [0x0000023f90527588,0x0000023f90527688] = 256
 main code      [0x0000023f90527680,0x0000023f90527687] = 7
 stub code      [0x0000023f90527687,0x0000023f90527688] = 1
R12=0x0 is null
R13=0x000000c3905fed60 is pointing into the stack for thread: 0x0000023ffe711af0
R14=0x0 is null
R15=0x0000023ffe711af0 is a thread

Top of Stack: (sp=0x000000c3905fec08)
0x000000c3905fec08:   00007ffa9de415ea 0000023ffe711af0   ..........q.?...
0x000000c3905fec18:   00007ffac7d30000 0000023ffe711af0   ..........q.?...
0x000000c3905fec28:   00000000a7230d84 000000c3905fed40   ..#.....@._.....
0x000000c3905fec38:   00007ffac81a5a73 0000023f9c1d43b0   sZ.......C..?...
0x000000c3905fec48:   00000000000000b8 0000023f9c573480   .........4W.?...
0x000000c3905fec58:   0000000000000008 0000000000000000   ................
0x000000c3905fec68:   0000000000000000 0000000000000000   ................
0x000000c3905fec78:   00007ffac846e476 0000000000000001   v.F.............
0x000000c3905fec88:   000000000000000d 0000000000000008   ................
0x000000c3905fec98:   0000000000000002 0000023ffe711af0   ..........q.?...
0x000000c3905feca8:   00007ffac81a5cf7 000000c3905fee48   .\......H._.....
0x000000c3905fecb8:   0000023f9b9d03e0 00000000a7213ed0   ....?....>!.....
0x000000c3905fecc8:   00007ffa9de44e06 000000c3905fee48   .N......H._.....
0x000000c3905fecd8:   0000023f9c238178 000000c3905fed50   x.#.?...P._.....
0x000000c3905fece8:   0000023f9c573480 0000023f9b9d03e0   .4W.?.......?...
0x000000c3905fecf8:   0000023f8ff7d999 00000000a7bd65a0   ....?....e......
0x000000c3905fed08:   00007ffac847a9c5 000000c3905f0103   ..G......._.....
0x000000c3905fed18:   00000000a7bd65a0 000000c3905fedf0   .e........_.....
0x000000c3905fed28:   0000023f900bd7a4 0000023f9c573268   ....?...h2W.?...
0x000000c3905fed38:   0000023ffe711af0 00000000000000b8   ..q.?...........
0x000000c3905fed48:   00000000a7230d84 000000c3905fedf0   ..#......._.....
0x000000c3905fed58:   0000023f8ff68c0e 00000000a7213ed0   ....?....>!.....
0x000000c3905fed68:   0000023f9b9d03e0 0000000000000000   ....?...........
0x000000c3905fed78:   0000023f9ba21168 0000000000000000   h...?...........
0x000000c3905fed88:   0000023f9ba30160 0000000000000000   `...?...........
0x000000c3905fed98:   00007ffa9de44de0 0000000000000000   .M..............
0x000000c3905feda8:   fffffffffffffff7 0000023f9c573256   ........V2W.?...
0x000000c3905fedb8:   000000000000000b 0000023f9c573400   .........4W.?...
0x000000c3905fedc8:   0000000000000000 00000000a721b870   ........p.!.....
0x000000c3905fedd8:   0000023f9c573268 ffffffffffffffee   h2W.?...........
0x000000c3905fede8:   000000c3905fee08 000000c3905fee98   .._......._.....
0x000000c3905fedf8:   0000023f8ff68c0e 00000000a7213ed0   ....?....>!.....

Instructions: (pc=0x00007ffa9deea1f0)
  0x00007ffa9deea0f0:   48 8b 01 48 0f 44 d7 ff 50 10 84 c0 75 16 48 8b
  0x00007ffa9deea100:   43 08 48 8b 40 08 48 89 43 08 66 89 7b 10 48 3b
  0x00007ffa9deea110:   43 20 75 cc 48 8b 7c 24 30 48 83 c4 20 5b c3 e8
  0x00007ffa9deea120:   17 dd 08 02 cc cc cc cc cc cc cc cc cc cc cc cc
  0x00007ffa9deea130:   40 57 48 83 ec 20 48 8b 51 48 48 8d 41 48 48 8b
  0x00007ffa9deea140:   f9 48 3b c2 0f 84 95 00 00 00 48 89 5c 24 30 48
  0x00007ffa9deea150:   8d 5a e8 48 89 6c 24 38 33 ed 48 85 d2 48 0f 44
  0x00007ffa9deea160:   dd 0f b6 03 83 e8 1e 83 f8 0a 77 69 48 85 db 74
  0x00007ffa9deea170:   64 48 89 74 24 40 e8 f5 0d 00 00 48 8b f0 48 85
  0x00007ffa9deea180:   c0 74 4d 48 8b 4b 40 48 85 c9 75 29 b9 28 00 00
  0x00007ffa9deea190:   00 e8 12 99 08 02 48 8b c8 48 85 c0 74 0d 48 83
  0x00007ffa9deea1a0:   c0 10 48 89 00 48 89 40 08 eb 03 48 8b cd 48 89
  0x00007ffa9deea1b0:   19 48 89 4b 40 45 33 c0 48 8b d6 e8 70 ca ff ff
  0x00007ffa9deea1c0:   48 8b ce e8 58 da ff ff 48 8b cf e8 e0 fb ff ff
  0x00007ffa9deea1d0:   48 8b 74 24 40 48 8b 5c 24 30 48 8b 6c 24 38 48
  0x00007ffa9deea1e0:   83 c4 20 5f c3 cc cc cc cc cc cc cc cc cc cc cc
=>0x00007ffa9deea1f0:   48 8b 41 60 48 8b 40 28 48 05 b0 01 00 00 c3 cc
  0x00007ffa9deea200:   48 83 ec 38 48 8b 41 50 4c 8d 41 48 49 3b c0 74
  0x00007ffa9deea210:   2b 4c 8b c8 45 33 d2 66 0f 1f 84 00 00 00 00 00
  0x00007ffa9deea220:   48 85 c0 48 8d 48 e8 49 0f 44 ca 80 39 54 75 1e
  0x00007ffa9deea230:   49 8b 41 08 4c 8b c8 49 3b c0 75 e4 4c 89 42 08
  0x00007ffa9deea240:   48 8b c2 66 c7 42 10 00 00 48 83 c4 38 c3 4c 8d
  0x00007ffa9deea250:   49 18 66 c7 44 24 28 01 00 f2 0f 10 44 24 28 4c
  0x00007ffa9deea260:   89 4c 24 20 f2 0f 11 44 24 10 0f 10 4c 24 18 0f
  0x00007ffa9deea270:   11 0c 24 4d 3b c8 74 c4 4d 85 c9 49 8d 41 e8 49
  0x00007ffa9deea280:   0f 44 c2 0f b6 08 83 e9 1d 83 e9 0a 74 0f 83 e9
  0x00007ffa9deea290:   29 74 0a 83 e9 01 74 05 83 f9 0e 75 12 49 8b 41
  0x00007ffa9deea2a0:   08 48 89 44 24 08 0f 10 0c 24 44 88 54 24 11 c6
  0x00007ffa9deea2b0:   44 24 10 01 48 8b c2 f2 0f 10 44 24 10 0f 11 0a
  0x00007ffa9deea2c0:   f2 0f 11 42 10 48 83 c4 38 c3 cc cc cc cc cc cc
  0x00007ffa9deea2d0:   48 83 ec 38 48 8d 51 48 48 3b 12 74 5d 48 8b 42
  0x00007ffa9deea2e0:   08 48 89 44 24 08 66 c7 44 24 10 00 00 0f 10 04


Stack slot to memory mapping:

stack at sp + 0 slots: 0x00007ffa9de415ea LLVM-C.dll
stack at sp + 1 slots: 0x0000023ffe711af0 is a thread
stack at sp + 2 slots: 0x00007ffac7d30000 jvm.dll
stack at sp + 3 slots: 0x0000023ffe711af0 is a thread
stack at sp + 4 slots: 
[error occurred during error reporting (inspecting top of stack), id 0xc0000005, EXCEPTION_ACCESS_VIOLATION (0xc0000005) at pc=0x00007ffac80dfd84]
stack at sp + 5 slots: 0x000000c3905fed40 is pointing into the stack for thread: 0x0000023ffe711af0
stack at sp + 6 slots: 0x00007ffac81a5a73 jvm.dll
stack at sp + 7 slots: {method} {0x0000023f9c1d43b8} 'internalNativeEntryPoint' '(Ljava/lang/Object;)Ljava/lang/Object;' in 'java/lang/invoke/NativeMethodHandle'

Lock stack of current Java thread (top to bottom):

--------------------------------------------------------------------------------
Decoding CodeBlob, name: nep_invoker_blob, at  [0x0000023f900bd760, 0x0000023f900bd868]  264 bytes
[MachCode]
  0x0000023f900bd760: 5548 8bec | 4883 ec20 | c5f8 7749 | 89af 3804 | 0000 49ba | 68d7 0b90 | 3f02 0000 | 4d89 9730 
  0x0000023f900bd780: 0400 0049 | 89a7 2804 | 0000 41c7 | 87d4 0400 | 0004 0000 | 004c 8bd2 | 498b d149 | 8bc8 4c8b 
  0x0000023f900bd7a0: c741 ffd2 | c5f8 7741 | c787 d404 | 0000 0500 | 0000 f083 | 4424 c000 | 493b 6f28 | 0f87 4d00 
  0x0000023f900bd7c0: 0000 4183 | bfd0 0400 | 0000 0f85 | 3f00 0000 | 41c7 87d4 | 0400 0008 | 0000 0041 | 83bf 5005 
  0x0000023f900bd7e0: 0000 020f | 8453 0000 | 0049 c787 | 2804 0000 | 0000 0000 | 49c7 8738 | 0400 0000 | 0000 0049 
  0x0000023f900bd800: c787 3004 | 0000 0000 | 0000 c5f8 | 77c9 c348 | 8904 2449 | 8bcf c5f8 | 774c 8be4 | 4883 ec20 
  0x0000023f900bd820: 4883 e4f0 | 48b8 10bc | 1bc8 fa7f | 0000 ffd0 | 498b e44d | 33e4 488b | 0424 eb94 | 4889 0424 
  0x0000023f900bd840: c5f8 774c | 8be4 4883 | ec20 4883 | e4f0 48b8 | 500e 55c8 | fa7f 0000 | ffd0 498b | e44d 33e4 
  0x0000023f900bd860: 488b 0424 | eb83 f4f4 
[/MachCode]
--------------------------------------------------------------------------------


---------------  P R O C E S S  ---------------

Threads class SMR info:
_java_thread_list=0x0000023f9b2a3700, length=12, elements={
0x0000023ffe711af0, 0x0000023ffe7d2600, 0x0000023ffe7d3a70, 0x0000023ffe7d5ba0,
0x0000023ffe7d7770, 0x0000023fff345fe0, 0x0000023ffe7da340, 0x0000023ffe7dae30,
0x0000023ffe7de3e0, 0x0000023f9b29bd10, 0x0000023f9b2dff00, 0x0000023f9b2e06c0
}

Java Threads: ( => current thread )
=>0x0000023ffe711af0 JavaThread "main"                              [_thread_in_native, id=3192, stack(0x000000c390500000,0x000000c390600000) (1024K)]
  0x0000023ffe7d2600 JavaThread "Reference Handler"          daemon [_thread_blocked, id=5324, stack(0x000000c390d00000,0x000000c390e00000) (1024K)]
  0x0000023ffe7d3a70 JavaThread "Finalizer"                  daemon [_thread_blocked, id=17392, stack(0x000000c390e00000,0x000000c390f00000) (1024K)]
  0x0000023ffe7d5ba0 JavaThread "Signal Dispatcher"          daemon [_thread_blocked, id=14800, stack(0x000000c390f00000,0x000000c391000000) (1024K)]
  0x0000023ffe7d7770 JavaThread "Attach Listener"            daemon [_thread_blocked, id=12384, stack(0x000000c391000000,0x000000c391100000) (1024K)]
  0x0000023fff345fe0 JavaThread "Service Thread"             daemon [_thread_blocked, id=15532, stack(0x000000c391100000,0x000000c391200000) (1024K)]
  0x0000023ffe7da340 JavaThread "Monitor Deflation Thread"   daemon [_thread_blocked, id=14468, stack(0x000000c391200000,0x000000c391300000) (1024K)]
  0x0000023ffe7dae30 JavaThread "C2 CompilerThread0"         daemon [_thread_blocked, id=14240, stack(0x000000c391300000,0x000000c391400000) (1024K)]
  0x0000023ffe7de3e0 JavaThread "C1 CompilerThread0"         daemon [_thread_blocked, id=16604, stack(0x000000c391400000,0x000000c391500000) (1024K)]
  0x0000023f9b29bd10 JavaThread "Common-Cleaner"             daemon [_thread_blocked, id=1464, stack(0x000000c391500000,0x000000c391600000) (1024K)]
  0x0000023f9b2dff00 JavaThread "Monitor Ctrl-Break"         daemon [_thread_in_native, id=13464, stack(0x000000c391600000,0x000000c391700000) (1024K)]
  0x0000023f9b2e06c0 JavaThread "Notification Thread"        daemon [_thread_blocked, id=10524, stack(0x000000c391700000,0x000000c391800000) (1024K)]
Total: 12

Other Threads:
  0x0000023ffe7c2220 VMThread "VM Thread"                           [id=10112, stack(0x000000c390c00000,0x000000c390d00000) (1024K)]
  0x0000023fff33ca10 WatcherThread "VM Periodic Task Thread"        [id=4676, stack(0x000000c390b00000,0x000000c390c00000) (1024K)]
  0x0000023ffe75b1a0 WorkerThread "GC Thread#0"                     [id=15608, stack(0x000000c390600000,0x000000c390700000) (1024K)]
  0x0000023ffe76dcd0 ConcurrentGCThread "G1 Main Marker"            [id=16552, stack(0x000000c390700000,0x000000c390800000) (1024K)]
  0x0000023ffe771610 WorkerThread "G1 Conc#0"                       [id=16180, stack(0x000000c390800000,0x000000c390900000) (1024K)]
  0x0000023ffe7a1d50 ConcurrentGCThread "G1 Refine#0"               [id=8240, stack(0x000000c390900000,0x000000c390a00000) (1024K)]
  0x0000023ffe7a3970 ConcurrentGCThread "G1 Service"                [id=12272, stack(0x000000c390a00000,0x000000c390b00000) (1024K)]
Total: 7

Threads with active compile tasks:
Total: 0

VM state: not at safepoint (normal execution)

VM Mutex/Monitor currently owned by a thread: None

Heap address: 0x00000000a1e00000, size: 1506 MB, Compressed Oops mode: 32-bit

CDS archive(s) mapped at: [0x0000000010000000-0x0000000010dd0000-0x0000000010dd0000), size 14483456, SharedBaseAddress: 0x0000000010000000, ArchiveRelocationMode: 1.
Compressed class space mapped at: 0x0000000011000000-0x0000000051000000, reserved size: 1073741824
UseCompressedClassPointers 1, UseCompactObjectHeaders 0
Narrow klass pointer bits 32, Max shift 3
Narrow klass base: 0x0000000010000000, Narrow klass shift: 0
Encoding Range: [0x0000000010000000 - 0x0000000110000000), (4294967296 bytes)
Klass Range:    [0x0000000010010000 - 0x0000000051000000), (1090453504 bytes)
Klass ID Range:  [65536 - 1090519033) (1090453497)
Protection zone: [0x0000000010000000 - 0x0000000010010000), (65536 bytes)

GC Precious Log:
 CardTable entry size: 512
 Card Set container configuration: InlinePtr #cards 5 size 8 Array Of Cards #cards 10 size 36 Howl #buckets 4 coarsen threshold 1843 Howl Bitmap #cards 512 size 80 coarsen threshold 460 Card regions per heap region 1 cards per card region 2048
 CPUs: 4 total, 4 available
 Memory: 6023M
 Large Page Support: Disabled
 NUMA Support: Disabled
 Compressed Oops: Enabled (32-bit)
 Heap Region Size: 1M
 Heap Min Capacity: 8M
 Heap Initial Capacity: 96M
 Heap Max Capacity: 1506M
 Pre-touch: Disabled
 Parallel Workers: 4
 Concurrent Workers: 1
 Concurrent Refinement Workers: 4
 Periodic GC: Disabled

Heap:
 garbage-first heap   total reserved 1542144K, committed 100352K, used 11411K [0x00000000a1e00000, 0x0000000100000000)
  region size 1024K, 12 young (12288K), 0 survivors (0K)

Heap Regions: E=young(eden), S=young(survivor), O=old, HS=humongous(starts), HC=humongous(continues), CS=collection set, F=free, TAMS=top-at-mark-start, PB=parsable bottom
|   0|0x00000000a1e00000, 0x00000000a1e00000, 0x00000000a1f00000|  0%| F|  |TAMS 0x00000000a1e00000| PB 0x00000000a1e00000| Untracked |  0
|   1|0x00000000a1f00000, 0x00000000a1f00000, 0x00000000a2000000|  0%| F|  |TAMS 0x00000000a1f00000| PB 0x00000000a1f00000| Untracked |  0
|   2|0x00000000a2000000, 0x00000000a2000000, 0x00000000a2100000|  0%| F|  |TAMS 0x00000000a2000000| PB 0x00000000a2000000| Untracked |  0
|   3|0x00000000a2100000, 0x00000000a2100000, 0x00000000a2200000|  0%| F|  |TAMS 0x00000000a2100000| PB 0x00000000a2100000| Untracked |  0
|   4|0x00000000a2200000, 0x00000000a2200000, 0x00000000a2300000|  0%| F|  |TAMS 0x00000000a2200000| PB 0x00000000a2200000| Untracked |  0
|   5|0x00000000a2300000, 0x00000000a2300000, 0x00000000a2400000|  0%| F|  |TAMS 0x00000000a2300000| PB 0x00000000a2300000| Untracked |  0
|   6|0x00000000a2400000, 0x00000000a2400000, 0x00000000a2500000|  0%| F|  |TAMS 0x00000000a2400000| PB 0x00000000a2400000| Untracked |  0
|   7|0x00000000a2500000, 0x00000000a2500000, 0x00000000a2600000|  0%| F|  |TAMS 0x00000000a2500000| PB 0x00000000a2500000| Untracked |  0
|   8|0x00000000a2600000, 0x00000000a2600000, 0x00000000a2700000|  0%| F|  |TAMS 0x00000000a2600000| PB 0x00000000a2600000| Untracked |  0
|   9|0x00000000a2700000, 0x00000000a2700000, 0x00000000a2800000|  0%| F|  |TAMS 0x00000000a2700000| PB 0x00000000a2700000| Untracked |  0
|  10|0x00000000a2800000, 0x00000000a2800000, 0x00000000a2900000|  0%| F|  |TAMS 0x00000000a2800000| PB 0x00000000a2800000| Untracked |  0
|  11|0x00000000a2900000, 0x00000000a2900000, 0x00000000a2a00000|  0%| F|  |TAMS 0x00000000a2900000| PB 0x00000000a2900000| Untracked |  0
|  12|0x00000000a2a00000, 0x00000000a2a00000, 0x00000000a2b00000|  0%| F|  |TAMS 0x00000000a2a00000| PB 0x00000000a2a00000| Untracked |  0
|  13|0x00000000a2b00000, 0x00000000a2b00000, 0x00000000a2c00000|  0%| F|  |TAMS 0x00000000a2b00000| PB 0x00000000a2b00000| Untracked |  0
|  14|0x00000000a2c00000, 0x00000000a2c00000, 0x00000000a2d00000|  0%| F|  |TAMS 0x00000000a2c00000| PB 0x00000000a2c00000| Untracked |  0
|  15|0x00000000a2d00000, 0x00000000a2d00000, 0x00000000a2e00000|  0%| F|  |TAMS 0x00000000a2d00000| PB 0x00000000a2d00000| Untracked |  0
|  16|0x00000000a2e00000, 0x00000000a2e00000, 0x00000000a2f00000|  0%| F|  |TAMS 0x00000000a2e00000| PB 0x00000000a2e00000| Untracked |  0
|  17|0x00000000a2f00000, 0x00000000a2f00000, 0x00000000a3000000|  0%| F|  |TAMS 0x00000000a2f00000| PB 0x00000000a2f00000| Untracked |  0
|  18|0x00000000a3000000, 0x00000000a3000000, 0x00000000a3100000|  0%| F|  |TAMS 0x00000000a3000000| PB 0x00000000a3000000| Untracked |  0
|  19|0x00000000a3100000, 0x00000000a3100000, 0x00000000a3200000|  0%| F|  |TAMS 0x00000000a3100000| PB 0x00000000a3100000| Untracked |  0
|  20|0x00000000a3200000, 0x00000000a3200000, 0x00000000a3300000|  0%| F|  |TAMS 0x00000000a3200000| PB 0x00000000a3200000| Untracked |  0
|  21|0x00000000a3300000, 0x00000000a3300000, 0x00000000a3400000|  0%| F|  |TAMS 0x00000000a3300000| PB 0x00000000a3300000| Untracked |  0
|  22|0x00000000a3400000, 0x00000000a3400000, 0x00000000a3500000|  0%| F|  |TAMS 0x00000000a3400000| PB 0x00000000a3400000| Untracked |  0
|  23|0x00000000a3500000, 0x00000000a3500000, 0x00000000a3600000|  0%| F|  |TAMS 0x00000000a3500000| PB 0x00000000a3500000| Untracked |  0
|  24|0x00000000a3600000, 0x00000000a3600000, 0x00000000a3700000|  0%| F|  |TAMS 0x00000000a3600000| PB 0x00000000a3600000| Untracked |  0
|  25|0x00000000a3700000, 0x00000000a3700000, 0x00000000a3800000|  0%| F|  |TAMS 0x00000000a3700000| PB 0x00000000a3700000| Untracked |  0
|  26|0x00000000a3800000, 0x00000000a3800000, 0x00000000a3900000|  0%| F|  |TAMS 0x00000000a3800000| PB 0x00000000a3800000| Untracked |  0
|  27|0x00000000a3900000, 0x00000000a3900000, 0x00000000a3a00000|  0%| F|  |TAMS 0x00000000a3900000| PB 0x00000000a3900000| Untracked |  0
|  28|0x00000000a3a00000, 0x00000000a3a00000, 0x00000000a3b00000|  0%| F|  |TAMS 0x00000000a3a00000| PB 0x00000000a3a00000| Untracked |  0
|  29|0x00000000a3b00000, 0x00000000a3b00000, 0x00000000a3c00000|  0%| F|  |TAMS 0x00000000a3b00000| PB 0x00000000a3b00000| Untracked |  0
|  30|0x00000000a3c00000, 0x00000000a3c00000, 0x00000000a3d00000|  0%| F|  |TAMS 0x00000000a3c00000| PB 0x00000000a3c00000| Untracked |  0
|  31|0x00000000a3d00000, 0x00000000a3d00000, 0x00000000a3e00000|  0%| F|  |TAMS 0x00000000a3d00000| PB 0x00000000a3d00000| Untracked |  0
|  32|0x00000000a3e00000, 0x00000000a3e00000, 0x00000000a3f00000|  0%| F|  |TAMS 0x00000000a3e00000| PB 0x00000000a3e00000| Untracked |  0
|  33|0x00000000a3f00000, 0x00000000a3f00000, 0x00000000a4000000|  0%| F|  |TAMS 0x00000000a3f00000| PB 0x00000000a3f00000| Untracked |  0
|  34|0x00000000a4000000, 0x00000000a4000000, 0x00000000a4100000|  0%| F|  |TAMS 0x00000000a4000000| PB 0x00000000a4000000| Untracked |  0
|  35|0x00000000a4100000, 0x00000000a4100000, 0x00000000a4200000|  0%| F|  |TAMS 0x00000000a4100000| PB 0x00000000a4100000| Untracked |  0
|  36|0x00000000a4200000, 0x00000000a4200000, 0x00000000a4300000|  0%| F|  |TAMS 0x00000000a4200000| PB 0x00000000a4200000| Untracked |  0
|  37|0x00000000a4300000, 0x00000000a4300000, 0x00000000a4400000|  0%| F|  |TAMS 0x00000000a4300000| PB 0x00000000a4300000| Untracked |  0
|  38|0x00000000a4400000, 0x00000000a4400000, 0x00000000a4500000|  0%| F|  |TAMS 0x00000000a4400000| PB 0x00000000a4400000| Untracked |  0
|  39|0x00000000a4500000, 0x00000000a4500000, 0x00000000a4600000|  0%| F|  |TAMS 0x00000000a4500000| PB 0x00000000a4500000| Untracked |  0
|  40|0x00000000a4600000, 0x00000000a4600000, 0x00000000a4700000|  0%| F|  |TAMS 0x00000000a4600000| PB 0x00000000a4600000| Untracked |  0
|  41|0x00000000a4700000, 0x00000000a4700000, 0x00000000a4800000|  0%| F|  |TAMS 0x00000000a4700000| PB 0x00000000a4700000| Untracked |  0
|  42|0x00000000a4800000, 0x00000000a4800000, 0x00000000a4900000|  0%| F|  |TAMS 0x00000000a4800000| PB 0x00000000a4800000| Untracked |  0
|  43|0x00000000a4900000, 0x00000000a4900000, 0x00000000a4a00000|  0%| F|  |TAMS 0x00000000a4900000| PB 0x00000000a4900000| Untracked |  0
|  44|0x00000000a4a00000, 0x00000000a4a00000, 0x00000000a4b00000|  0%| F|  |TAMS 0x00000000a4a00000| PB 0x00000000a4a00000| Untracked |  0
|  45|0x00000000a4b00000, 0x00000000a4b00000, 0x00000000a4c00000|  0%| F|  |TAMS 0x00000000a4b00000| PB 0x00000000a4b00000| Untracked |  0
|  46|0x00000000a4c00000, 0x00000000a4c00000, 0x00000000a4d00000|  0%| F|  |TAMS 0x00000000a4c00000| PB 0x00000000a4c00000| Untracked |  0
|  47|0x00000000a4d00000, 0x00000000a4d00000, 0x00000000a4e00000|  0%| F|  |TAMS 0x00000000a4d00000| PB 0x00000000a4d00000| Untracked |  0
|  48|0x00000000a4e00000, 0x00000000a4e00000, 0x00000000a4f00000|  0%| F|  |TAMS 0x00000000a4e00000| PB 0x00000000a4e00000| Untracked |  0
|  49|0x00000000a4f00000, 0x00000000a4f00000, 0x00000000a5000000|  0%| F|  |TAMS 0x00000000a4f00000| PB 0x00000000a4f00000| Untracked |  0
|  50|0x00000000a5000000, 0x00000000a5000000, 0x00000000a5100000|  0%| F|  |TAMS 0x00000000a5000000| PB 0x00000000a5000000| Untracked |  0
|  51|0x00000000a5100000, 0x00000000a5100000, 0x00000000a5200000|  0%| F|  |TAMS 0x00000000a5100000| PB 0x00000000a5100000| Untracked |  0
|  52|0x00000000a5200000, 0x00000000a5200000, 0x00000000a5300000|  0%| F|  |TAMS 0x00000000a5200000| PB 0x00000000a5200000| Untracked |  0
|  53|0x00000000a5300000, 0x00000000a5300000, 0x00000000a5400000|  0%| F|  |TAMS 0x00000000a5300000| PB 0x00000000a5300000| Untracked |  0
|  54|0x00000000a5400000, 0x00000000a5400000, 0x00000000a5500000|  0%| F|  |TAMS 0x00000000a5400000| PB 0x00000000a5400000| Untracked |  0
|  55|0x00000000a5500000, 0x00000000a5500000, 0x00000000a5600000|  0%| F|  |TAMS 0x00000000a5500000| PB 0x00000000a5500000| Untracked |  0
|  56|0x00000000a5600000, 0x00000000a5600000, 0x00000000a5700000|  0%| F|  |TAMS 0x00000000a5600000| PB 0x00000000a5600000| Untracked |  0
|  57|0x00000000a5700000, 0x00000000a5700000, 0x00000000a5800000|  0%| F|  |TAMS 0x00000000a5700000| PB 0x00000000a5700000| Untracked |  0
|  58|0x00000000a5800000, 0x00000000a5800000, 0x00000000a5900000|  0%| F|  |TAMS 0x00000000a5800000| PB 0x00000000a5800000| Untracked |  0
|  59|0x00000000a5900000, 0x00000000a5900000, 0x00000000a5a00000|  0%| F|  |TAMS 0x00000000a5900000| PB 0x00000000a5900000| Untracked |  0
|  60|0x00000000a5a00000, 0x00000000a5a00000, 0x00000000a5b00000|  0%| F|  |TAMS 0x00000000a5a00000| PB 0x00000000a5a00000| Untracked |  0
|  61|0x00000000a5b00000, 0x00000000a5b00000, 0x00000000a5c00000|  0%| F|  |TAMS 0x00000000a5b00000| PB 0x00000000a5b00000| Untracked |  0
|  62|0x00000000a5c00000, 0x00000000a5c00000, 0x00000000a5d00000|  0%| F|  |TAMS 0x00000000a5c00000| PB 0x00000000a5c00000| Untracked |  0
|  63|0x00000000a5d00000, 0x00000000a5d00000, 0x00000000a5e00000|  0%| F|  |TAMS 0x00000000a5d00000| PB 0x00000000a5d00000| Untracked |  0
|  64|0x00000000a5e00000, 0x00000000a5e00000, 0x00000000a5f00000|  0%| F|  |TAMS 0x00000000a5e00000| PB 0x00000000a5e00000| Untracked |  0
|  65|0x00000000a5f00000, 0x00000000a5f00000, 0x00000000a6000000|  0%| F|  |TAMS 0x00000000a5f00000| PB 0x00000000a5f00000| Untracked |  0
|  66|0x00000000a6000000, 0x00000000a6000000, 0x00000000a6100000|  0%| F|  |TAMS 0x00000000a6000000| PB 0x00000000a6000000| Untracked |  0
|  67|0x00000000a6100000, 0x00000000a6100000, 0x00000000a6200000|  0%| F|  |TAMS 0x00000000a6100000| PB 0x00000000a6100000| Untracked |  0
|  68|0x00000000a6200000, 0x00000000a6200000, 0x00000000a6300000|  0%| F|  |TAMS 0x00000000a6200000| PB 0x00000000a6200000| Untracked |  0
|  69|0x00000000a6300000, 0x00000000a6300000, 0x00000000a6400000|  0%| F|  |TAMS 0x00000000a6300000| PB 0x00000000a6300000| Untracked |  0
|  70|0x00000000a6400000, 0x00000000a6400000, 0x00000000a6500000|  0%| F|  |TAMS 0x00000000a6400000| PB 0x00000000a6400000| Untracked |  0
|  71|0x00000000a6500000, 0x00000000a6500000, 0x00000000a6600000|  0%| F|  |TAMS 0x00000000a6500000| PB 0x00000000a6500000| Untracked |  0
|  72|0x00000000a6600000, 0x00000000a6600000, 0x00000000a6700000|  0%| F|  |TAMS 0x00000000a6600000| PB 0x00000000a6600000| Untracked |  0
|  73|0x00000000a6700000, 0x00000000a6700000, 0x00000000a6800000|  0%| F|  |TAMS 0x00000000a6700000| PB 0x00000000a6700000| Untracked |  0
|  74|0x00000000a6800000, 0x00000000a6800000, 0x00000000a6900000|  0%| F|  |TAMS 0x00000000a6800000| PB 0x00000000a6800000| Untracked |  0
|  75|0x00000000a6900000, 0x00000000a6900000, 0x00000000a6a00000|  0%| F|  |TAMS 0x00000000a6900000| PB 0x00000000a6900000| Untracked |  0
|  76|0x00000000a6a00000, 0x00000000a6a00000, 0x00000000a6b00000|  0%| F|  |TAMS 0x00000000a6a00000| PB 0x00000000a6a00000| Untracked |  0
|  77|0x00000000a6b00000, 0x00000000a6b00000, 0x00000000a6c00000|  0%| F|  |TAMS 0x00000000a6b00000| PB 0x00000000a6b00000| Untracked |  0
|  78|0x00000000a6c00000, 0x00000000a6c00000, 0x00000000a6d00000|  0%| F|  |TAMS 0x00000000a6c00000| PB 0x00000000a6c00000| Untracked |  0
|  79|0x00000000a6d00000, 0x00000000a6d00000, 0x00000000a6e00000|  0%| F|  |TAMS 0x00000000a6d00000| PB 0x00000000a6d00000| Untracked |  0
|  80|0x00000000a6e00000, 0x00000000a6e00000, 0x00000000a6f00000|  0%| F|  |TAMS 0x00000000a6e00000| PB 0x00000000a6e00000| Untracked |  0
|  81|0x00000000a6f00000, 0x00000000a6f00000, 0x00000000a7000000|  0%| F|  |TAMS 0x00000000a6f00000| PB 0x00000000a6f00000| Untracked |  0
|  82|0x00000000a7000000, 0x00000000a7000000, 0x00000000a7100000|  0%| F|  |TAMS 0x00000000a7000000| PB 0x00000000a7000000| Untracked |  0
|  83|0x00000000a7100000, 0x00000000a7100000, 0x00000000a7200000|  0%| F|  |TAMS 0x00000000a7100000| PB 0x00000000a7100000| Untracked |  0
|  84|0x00000000a7200000, 0x00000000a7280000, 0x00000000a7300000| 50%| E|  |TAMS 0x00000000a7200000| PB 0x00000000a7200000| Complete |  0
|  85|0x00000000a7300000, 0x00000000a7400000, 0x00000000a7400000|100%| E|CS|TAMS 0x00000000a7300000| PB 0x00000000a7300000| Complete |  0
|  86|0x00000000a7400000, 0x00000000a7500000, 0x00000000a7500000|100%| E|CS|TAMS 0x00000000a7400000| PB 0x00000000a7400000| Complete |  0
|  87|0x00000000a7500000, 0x00000000a7600000, 0x00000000a7600000|100%| E|CS|TAMS 0x00000000a7500000| PB 0x00000000a7500000| Complete |  0
|  88|0x00000000a7600000, 0x00000000a7700000, 0x00000000a7700000|100%| E|CS|TAMS 0x00000000a7600000| PB 0x00000000a7600000| Complete |  0
|  89|0x00000000a7700000, 0x00000000a7800000, 0x00000000a7800000|100%| E|CS|TAMS 0x00000000a7700000| PB 0x00000000a7700000| Complete |  0
|  90|0x00000000a7800000, 0x00000000a7900000, 0x00000000a7900000|100%| E|  |TAMS 0x00000000a7800000| PB 0x00000000a7800000| Complete |  0
|  91|0x00000000a7900000, 0x00000000a7a00000, 0x00000000a7a00000|100%| E|CS|TAMS 0x00000000a7900000| PB 0x00000000a7900000| Complete |  0
|  92|0x00000000a7a00000, 0x00000000a7b00000, 0x00000000a7b00000|100%| E|CS|TAMS 0x00000000a7a00000| PB 0x00000000a7a00000| Complete |  0
|  93|0x00000000a7b00000, 0x00000000a7c00000, 0x00000000a7c00000|100%| E|CS|TAMS 0x00000000a7b00000| PB 0x00000000a7b00000| Complete |  0
|  94|0x00000000a7c00000, 0x00000000a7d00000, 0x00000000a7d00000|100%| E|CS|TAMS 0x00000000a7c00000| PB 0x00000000a7c00000| Complete |  0
|  95|0x00000000a7d00000, 0x00000000a7e00000, 0x00000000a7e00000|100%| E|CS|TAMS 0x00000000a7d00000| PB 0x00000000a7d00000| Complete |  0
|1504|0x00000000ffe00000, 0x00000000fff00000, 0x00000000fff00000|100%| O|  |TAMS 0x00000000ffe00000| PB 0x00000000ffe00000| Untracked |  0
|1505|0x00000000fff00000, 0x00000000fff24ea8, 0x0000000100000000| 14%| O|  |TAMS 0x00000000fff00000| PB 0x00000000fff00000| Untracked |  0

Card table byte_map: [0x0000023ffeae0000,0x0000023ffede0000] _byte_map_base: 0x0000023ffe5d1000

Marking Bits: (CMBitMap*) 0x0000023ffe75b930
 Bits: [0x0000023f97a30000, 0x0000023f991b8000)

Polling page: 0x0000023ffc7b0000

Metaspace:
Metaspace        used 3936K, committed 4160K, reserved 1114112K
 class space     used 248K, committed 320K, reserved 1048576K

Usage:
  Non-class:      3.60 MB used.
      Class:    248.72 KB used.
       Both:      3.84 MB used.

Virtual space:
  Non-class space:       64.00 MB reserved,       3.75 MB (  6%) committed,  1 nodes.
      Class space:        1.00 GB reserved,     320.00 KB ( <1%) committed,  1 nodes.
             Both:        1.06 GB reserved,       4.06 MB ( <1%) committed. 

Chunk freelists:
   Non-Class:  10.53 MB
       Class:  15.64 MB
        Both:  26.18 MB

MaxMetaspaceSize: unlimited
CompressedClassSpaceSize: 1.00 GB
Initial GC threshold: 21.00 MB
Current GC threshold: 21.00 MB
CDS: on
 - commit_granule_bytes: 65536.
 - commit_granule_words: 8192.
 - virtual_space_node_default_size: 8388608.
 - enlarge_chunks_in_place: 1.
UseCompressedClassPointers 1, UseCompactObjectHeaders 0
Narrow klass pointer bits 32, Max shift 3
Narrow klass base: 0x0000000010000000, Narrow klass shift: 0
Encoding Range: [0x0000000010000000 - 0x0000000110000000), (4294967296 bytes)
Klass Range:    [0x0000000010010000 - 0x0000000051000000), (1090453504 bytes)
Klass ID Range:  [65536 - 1090519033) (1090453497)
Protection zone: [0x0000000010000000 - 0x0000000010010000), (65536 bytes)


Internal statistics:

num_allocs_failed_limit: 0.
num_arena_births: 186.
num_arena_deaths: 0.
num_vsnodes_births: 2.
num_vsnodes_deaths: 0.
num_space_committed: 65.
num_space_uncommitted: 0.
num_chunks_returned_to_freelist: 0.
num_chunks_taken_from_freelist: 236.
num_chunk_merges: 0.
num_chunk_splits: 175.
num_chunks_enlarged: 119.
num_inconsistent_stats: 0.

CodeHeap 'non-profiled nmethods': size=120064Kb used=230Kb max_used=230Kb free=119833Kb
 bounds [0x0000023f904f0000, 0x0000023f90760000, 0x0000023f97a30000]
CodeHeap 'profiled nmethods': size=120000Kb used=1124Kb max_used=1124Kb free=118875Kb
 bounds [0x0000023f88a30000, 0x0000023f88ca0000, 0x0000023f8ff60000]
CodeHeap 'non-nmethods': size=5696Kb used=1381Kb max_used=1405Kb free=4314Kb
 bounds [0x0000023f8ff60000, 0x0000023f901d0000, 0x0000023f904f0000]
CodeCache: size=245760Kb, used=2735Kb, max_used=2759Kb, free=243022Kb
 total_blobs=1420, nmethods=903, adapters=417, full_count=0
Compilation: enabled, stopped_count=0, restarted_count=0

Compilation events (20 events):
Event: 0.934 Thread 0x0000023ffe7dae30  892       4       jdk.internal.classfile.impl.EntryMap::put (186 bytes)
Event: 0.935 Thread 0x0000023ffe7de3e0 nmethod 891 0x0000023f88b42b08 code [0x0000023f88b42c00, 0x0000023f88b44528]
Event: 0.935 Thread 0x0000023ffe7de3e0  893       3       jdk.internal.classfile.impl.StackMapGenerator$Type::isCategory2_2nd (20 bytes)
Event: 0.935 Thread 0x0000023ffe7de3e0 nmethod 893 0x0000023f88b44588 code [0x0000023f88b44680, 0x0000023f88b44818]
Event: 0.935 Thread 0x0000023ffe7de3e0  894       3       jdk.internal.classfile.impl.BufWriterImpl::grow (33 bytes)
Event: 0.936 Thread 0x0000023ffe7de3e0 nmethod 894 0x0000023f88b44888 code [0x0000023f88b44980, 0x0000023f88b44bb0]
Event: 0.937 Thread 0x0000023ffe7de3e0  895       3       java.lang.classfile.constantpool.ConstantPoolBuilder::nameAndTypeEntry (21 bytes)
Event: 0.937 Thread 0x0000023ffe7de3e0 nmethod 895 0x0000023f88b44c08 code [0x0000023f88b44d00, 0x0000023f88b45068]
Event: 0.937 Thread 0x0000023ffe7de3e0  896       1       java.lang.classfile.Opcode::sizeIfFixed (5 bytes)
Event: 0.937 Thread 0x0000023ffe7de3e0 nmethod 896 0x0000023f90527b88 code [0x0000023f90527c80, 0x0000023f90527d48]
Event: 0.938 Thread 0x0000023ffe7de3e0  898       3       jdk.internal.classfile.impl.SplitConstantPool::fieldRefEntry (72 bytes)
Event: 0.939 Thread 0x0000023ffe7de3e0 nmethod 898 0x0000023f88b45088 code [0x0000023f88b45180, 0x0000023f88b46778]
Event: 0.939 Thread 0x0000023ffe7de3e0  900       3       jdk.internal.classfile.impl.AnnotationReader::writeAnnotation (80 bytes)
Event: 0.940 Thread 0x0000023ffe7dae30 nmethod 892 0x0000023f90528488 code [0x0000023f90528580, 0x0000023f90528908]
Event: 0.940 Thread 0x0000023ffe7dae30  897       4       jdk.internal.classfile.impl.SplitConstantPool::internalAdd (78 bytes)
Event: 0.941 Thread 0x0000023ffe7de3e0 nmethod 900 0x0000023f88b46788 code [0x0000023f88b46880, 0x0000023f88b48688]
Event: 0.941 Thread 0x0000023ffe7de3e0  903       3       java.lang.invoke.InvokerBytecodeGenerator::methodDesc (45 bytes)
Event: 0.942 Thread 0x0000023ffe7de3e0 nmethod 903 0x0000023f88b48708 code [0x0000023f88b48800, 0x0000023f88b492d0]
Event: 0.942 Thread 0x0000023ffe7de3e0  899       1       java.lang.classfile.TypeKind::slotSize (5 bytes)
Event: 0.942 Thread 0x0000023ffe7de3e0 nmethod 899 0x0000023f90528988 code [0x0000023f90528a80, 0x0000023f90528b48]

GC Heap Usage History (0 events):
No events

Metaspace Usage History (0 events):
No events

Dll operation events (11 events):
Event: 0.035 Loaded shared library C:\Users\Hp\AppData\Local\Programs\Eclipse Adoptium\jdk-25.0.1.8-hotspot\bin\java.dll
Event: 0.213 Loaded shared library C:\Users\Hp\AppData\Local\Programs\Eclipse Adoptium\jdk-25.0.1.8-hotspot\bin\zip.dll
Event: 0.220 Loaded shared library C:\Users\Hp\AppData\Local\Programs\Eclipse Adoptium\jdk-25.0.1.8-hotspot\bin\instrument.dll
Event: 0.232 Loaded shared library C:\Users\Hp\AppData\Local\Programs\Eclipse Adoptium\jdk-25.0.1.8-hotspot\bin\net.dll
Event: 0.236 Loaded shared library C:\Users\Hp\AppData\Local\Programs\Eclipse Adoptium\jdk-25.0.1.8-hotspot\bin\nio.dll
Event: 0.247 Loaded shared library C:\Users\Hp\AppData\Local\Programs\Eclipse Adoptium\jdk-25.0.1.8-hotspot\bin\zip.dll
Event: 0.389 Loaded shared library C:\Tools\LLVM-21.1.8-Compiler\llvm-21.1.8-windows-amd64-msvc17-msvcrt\bin\LLVM-C.dll
Event: 0.390 Loaded shared library C:\Users\Hp\AppData\Local\Programs\Eclipse Adoptium\jdk-25.0.1.8-hotspot\bin\extnet.dll
Event: 0.410 Loaded shared library C:\Users\Hp\AppData\Local\Programs\Eclipse Adoptium\jdk-25.0.1.8-hotspot\bin\jimage.dll
Event: 0.575 Loaded shared library C:\Windows\System32\ucrtbase.dll
Event: 0.580 Loaded shared library C:\Users\Hp\AppData\Local\Programs\Eclipse Adoptium\jdk-25.0.1.8-hotspot\bin\syslookup.dll

Deoptimization events (6 events):
Event: 0.563 Thread 0x0000023ffe711af0 Uncommon trap: trap_request=0xffffff45 fr.pc=0x0000023f904fda08 relative=0x0000000000000688
Event: 0.563 Thread 0x0000023ffe711af0 Uncommon trap: reason=unstable_if action=reinterpret pc=0x0000023f904fda08 method=java.util.HashMap.putVal(ILjava/lang/Object;Ljava/lang/Object;ZZ)Ljava/lang/Object; @ 69 c2
Event: 0.563 Thread 0x0000023ffe711af0 DEOPT PACKING pc=0x0000023f904fda08 sp=0x000000c3905fda70
Event: 0.563 Thread 0x0000023ffe711af0 DEOPT UNPACKING pc=0x0000023f90078c82 sp=0x000000c3905fd9f0 mode 2
Event: 0.875 Thread 0x0000023ffe711af0 DEOPT PACKING pc=0x0000023f88b1e6b2 sp=0x000000c3905fef40
Event: 0.875 Thread 0x0000023ffe711af0 DEOPT UNPACKING pc=0x0000023f8ffb1702 sp=0x000000c3905fe3b0 mode 0

Classes loaded (20 events):
Event: 0.731 Loading class jdk/internal/foreign/StringSupport$CharsetKind
Event: 0.731 Loading class jdk/internal/foreign/StringSupport$CharsetKind done
Event: 0.731 Loading class jdk/internal/foreign/StringSupport
Event: 0.732 Loading class jdk/internal/foreign/StringSupport done
Event: 0.732 Loading class jdk/internal/foreign/SegmentFactories$1
Event: 0.732 Loading class jdk/internal/foreign/SegmentFactories$1 done
Event: 0.732 Loading class jdk/internal/foreign/MemorySessionImpl$ResourceList$ResourceCleanup$1
Event: 0.732 Loading class jdk/internal/foreign/MemorySessionImpl$ResourceList$ResourceCleanup$1 done
Event: 0.732 Loading class jdk/internal/foreign/Utils$BaseAndScale
Event: 0.733 Loading class jdk/internal/foreign/Utils$BaseAndScale done
Event: 0.735 Loading class jdk/internal/foreign/LayoutPath
Event: 0.735 Loading class jdk/internal/foreign/LayoutPath done
Event: 0.735 Loading class java/lang/foreign/MemoryLayout$PathElement
Event: 0.735 Loading class java/lang/foreign/MemoryLayout$PathElement done
Event: 0.742 Loading class jdk/internal/foreign/Utils$1VarHandleCache
Event: 0.742 Loading class jdk/internal/foreign/Utils$1VarHandleCache done
Event: 0.742 Loading class java/lang/invoke/VarHandleSegmentAsBytes
Event: 0.743 Loading class java/lang/invoke/VarHandleSegmentAsBytes done
Event: 0.743 Loading class java/lang/invoke/SegmentVarHandle
Event: 0.743 Loading class java/lang/invoke/SegmentVarHandle done

Classes unloaded (0 events):
No events

Classes redefined (0 events):
No events

Internal exceptions (20 events):
Event: 0.598 Thread 0x0000023ffe711af0 Exception <a 'java/lang/NoSuchMethodError'{0x00000000a7606e78}: 'void java.lang.invoke.DirectMethodHandle$Holder.invokeSpecial(java.lang.Object, java.lang.Object, java.lang.Object)'> (0x00000000a7606e78) 
thrown [s\src\hotspot\share\interpreter\linkResolver.cpp, line 804]
Event: 0.617 Thread 0x0000023ffe711af0 Exception <a 'java/lang/NoSuchMethodError'{0x00000000a76401f0}: 'void java.lang.invoke.DirectMethodHandle$Holder.invokeInterface(java.lang.Object, java.lang.Object, java.lang.Object)'> (0x00000000a76401f0) 
thrown [s\src\hotspot\share\interpreter\linkResolver.cpp, line 804]
Event: 0.618 Thread 0x0000023ffe711af0 Exception <a 'java/lang/IncompatibleClassChangeError'{0x00000000a7647f58}: Found class java.lang.Object, but interface was expected> (0x00000000a7647f58) 
thrown [s\src\hotspot\share\interpreter\linkResolver.cpp, line 871]
Event: 0.643 Thread 0x0000023ffe711af0 Exception <a 'java/lang/NoSuchMethodError'{0x00000000a7681ae0}: 'long java.lang.invoke.DirectMethodHandle$Holder.invokeInterface(java.lang.Object, java.lang.Object)'> (0x00000000a7681ae0) 
thrown [s\src\hotspot\share\interpreter\linkResolver.cpp, line 804]
Event: 0.657 Thread 0x0000023ffe711af0 Exception <a 'java/lang/NoSuchMethodError'{0x00000000a76bbb00}: 'java.lang.Object java.lang.invoke.DirectMethodHandle$Holder.invokeInterface(java.lang.Object, java.lang.Object)'> (0x00000000a76bbb00) 
thrown [s\src\hotspot\share\interpreter\linkResolver.cpp, line 804]
Event: 0.658 Thread 0x0000023ffe711af0 Exception <a 'java/lang/IncompatibleClassChangeError'{0x00000000a76c3ae0}: Found class java.lang.Object, but interface was expected> (0x00000000a76c3ae0) 
thrown [s\src\hotspot\share\interpreter\linkResolver.cpp, line 871]
Event: 0.668 Thread 0x0000023ffe711af0 Exception <a 'java/lang/NoSuchMethodError'{0x00000000a76ff358}: 'java.lang.Object java.lang.invoke.DirectMethodHandle$Holder.invokeVirtual(java.lang.Object, java.lang.Object, java.lang.Object, java.lang.Object, java.lang.Object)'> (0x00000000a76ff358) 
thrown [s\src\hotspot\share\interpreter\linkResolver.cpp, line 804]
Event: 0.683 Thread 0x0000023ffe711af0 Exception <a 'java/lang/NoSuchMethodError'{0x00000000a7574778}: 'void java.lang.invoke.DirectMethodHandle$Holder.invokeStatic(java.lang.Object, long)'> (0x00000000a7574778) 
thrown [s\src\hotspot\share\interpreter\linkResolver.cpp, line 804]
Event: 0.685 Thread 0x0000023ffe711af0 Exception <a 'java/lang/NoSuchMethodError'{0x00000000a757f748}: 'java.lang.Object java.lang.invoke.DirectMethodHandle$Holder.newInvokeSpecial(java.lang.Object, long)'> (0x00000000a757f748) 
thrown [s\src\hotspot\share\interpreter\linkResolver.cpp, line 804]
Event: 0.693 Thread 0x0000023ffe711af0 Exception <a 'java/lang/NoSuchMethodError'{0x00000000a75a7400}: 'java.lang.Object java.lang.invoke.DirectMethodHandle$Holder.newInvokeSpecial(java.lang.Object, java.lang.Object, java.lang.Object, java.lang.Object, java.lang.Object)'> (0x00000000a75a7400) 
thrown [s\src\hotspot\share\interpreter\linkResolver.cpp, line 804]
Event: 0.700 Thread 0x0000023ffe711af0 Exception <a 'java/lang/IncompatibleClassChangeError'{0x00000000a75d17e0}: Found class java.lang.Object, but interface was expected> (0x00000000a75d17e0) 
thrown [s\src\hotspot\share\interpreter\linkResolver.cpp, line 871]
Event: 0.709 Thread 0x0000023ffe711af0 Exception <a 'java/lang/NoSuchMethodError'{0x00000000a75febb8}: 'void java.lang.invoke.DirectMethodHandle$Holder.invokeStatic(java.lang.Object, int, java.lang.Object)'> (0x00000000a75febb8) 
thrown [s\src\hotspot\share\interpreter\linkResolver.cpp, line 804]
Event: 0.724 Thread 0x0000023ffe711af0 Exception <a 'java/lang/NoSuchMethodError'{0x00000000a7435af0}: 'java.lang.Object java.lang.invoke.Invokers$Holder.invoke_MT(java.lang.Object, java.lang.Object, java.lang.Object, java.lang.Object, java.lang.Object)'> (0x00000000a7435af0) 
thrown [s\src\hotspot\share\interpreter\linkResolver.cpp, line 804]
Event: 0.736 Thread 0x0000023ffe711af0 Exception <a 'java/lang/NoSuchMethodError'{0x00000000a7466a10}: 'long java.lang.invoke.DirectMethodHandle$Holder.invokeStaticInit(java.lang.Object, long, long, long, long)'> (0x00000000a7466a10) 
thrown [s\src\hotspot\share\interpreter\linkResolver.cpp, line 804]
Event: 0.737 Thread 0x0000023ffe711af0 Exception <a 'java/lang/NoSuchMethodError'{0x00000000a746eea0}: 'java.lang.Object java.lang.invoke.DirectMethodHandle$Holder.invokeInterface(java.lang.Object, java.lang.Object, long, long)'> (0x00000000a746eea0) 
thrown [s\src\hotspot\share\interpreter\linkResolver.cpp, line 804]
Event: 0.738 Thread 0x0000023ffe711af0 Exception <a 'java/lang/NoSuchMethodError'{0x00000000a7477368}: 'java.lang.Object java.lang.invoke.DirectMethodHandle$Holder.invokeInterface(java.lang.Object, java.lang.Object, long, java.lang.Object)'> (0x00000000a7477368) 
thrown [s\src\hotspot\share\interpreter\linkResolver.cpp, line 804]
Event: 0.739 Thread 0x0000023ffe711af0 Exception <a 'java/lang/NoSuchMethodError'{0x00000000a7487b78}: 'void java.lang.invoke.DirectMethodHandle$Holder.invokeStaticInit(java.lang.Object, java.lang.Object, long, java.lang.Object)'> (0x00000000a7487b78) 
thrown [s\src\hotspot\share\interpreter\linkResolver.cpp, line 804]
Event: 0.740 Thread 0x0000023ffe711af0 Exception <a 'java/lang/NoSuchMethodError'{0x00000000a7490128}: 'long java.lang.invoke.DirectMethodHandle$Holder.invokeStatic(java.lang.Object, long, long)'> (0x00000000a7490128) 
thrown [s\src\hotspot\share\interpreter\linkResolver.cpp, line 804]
Event: 0.802 Thread 0x0000023ffe711af0 Exception <a 'java/lang/NoSuchMethodError'{0x00000000a7357470}: 'java.lang.Object java.lang.invoke.DelegatingMethodHandle$Holder.reinvoke_L(java.lang.Object, java.lang.Object, int, int, int, int)'> (0x00000000a7357470) 
thrown [s\src\hotspot\share\interpreter\linkResolver.cpp, line 804]
Event: 0.935 Thread 0x0000023ffe711af0 Exception <a 'java/lang/NoSuchMethodError'{0x00000000a7228e10}: 'java.lang.Object java.lang.invoke.DirectMethodHandle$Holder.invokeStaticInit(java.lang.Object, java.lang.Object, java.lang.Object, java.lang.Object, java.lang.Object, java.lang.Object)'> (0x00000000a7228e10) 
thrown [s\src\hotspot\share\interpreter\linkResolver.cpp, line 804]

VM Operations (6 events):
Event: 0.180 Executing non-safepoint VM operation: HandshakeAllThreads (Deoptimize)
Event: 0.180 Executing non-safepoint VM operation: HandshakeAllThreads (Deoptimize) done
Event: 0.423 Executing non-safepoint VM operation: HandshakeAllThreads (Deoptimize)
Event: 0.424 Executing non-safepoint VM operation: HandshakeAllThreads (Deoptimize) done
Event: 0.569 Executing non-safepoint VM operation: HandshakeAllThreads (Deoptimize)
Event: 0.569 Executing non-safepoint VM operation: HandshakeAllThreads (Deoptimize) done

Memory protections (0 events):
No events

Nmethod flushes (0 events):
No events

Events (12 events):
Event: 0.072 Thread 0x0000023ffe711af0 Thread added: 0x0000023ffe711af0
Event: 0.106 Thread 0x0000023ffe711af0 Thread added: 0x0000023ffe7d2600
Event: 0.107 Thread 0x0000023ffe711af0 Thread added: 0x0000023ffe7d3a70
Event: 0.107 Thread 0x0000023ffe711af0 Thread added: 0x0000023ffe7d5ba0
Event: 0.107 Thread 0x0000023ffe711af0 Thread added: 0x0000023ffe7d7770
Event: 0.107 Thread 0x0000023ffe711af0 Thread added: 0x0000023fff345fe0
Event: 0.107 Thread 0x0000023ffe711af0 Thread added: 0x0000023ffe7da340
Event: 0.108 Thread 0x0000023ffe711af0 Thread added: 0x0000023ffe7dae30
Event: 0.108 Thread 0x0000023ffe711af0 Thread added: 0x0000023ffe7de3e0
Event: 0.227 Thread 0x0000023ffe711af0 Thread added: 0x0000023f9b29bd10
Event: 0.270 Thread 0x0000023ffe711af0 Thread added: 0x0000023f9b2dff00
Event: 0.270 Thread 0x0000023ffe711af0 Thread added: 0x0000023f9b2e06c0


Dynamic libraries:
0x00007ff7c2320000 - 0x00007ff7c232e000 	C:\Users\Hp\AppData\Local\Programs\Eclipse Adoptium\jdk-25.0.1.8-hotspot\bin\java.exe
0x00007ffb353b0000 - 0x00007ffb355a8000 	C:\Windows\SYSTEM32\ntdll.dll
0x00007ffb33a60000 - 0x00007ffb33b22000 	C:\Windows\System32\KERNEL32.DLL
0x00007ffb32f50000 - 0x00007ffb33247000 	C:\Windows\System32\KERNELBASE.dll
0x00007ffb32da0000 - 0x00007ffb32ea0000 	C:\Windows\System32\ucrtbase.dll
0x00007ffb1d960000 - 0x00007ffb1d976000 	C:\Users\Hp\AppData\Local\Programs\Eclipse Adoptium\jdk-25.0.1.8-hotspot\bin\jli.dll
0x00007ffb22670000 - 0x00007ffb2268e000 	C:\Users\Hp\AppData\Local\Programs\Eclipse Adoptium\jdk-25.0.1.8-hotspot\bin\VCRUNTIME140.dll
0x00007ffb33dc0000 - 0x00007ffb33f5d000 	C:\Windows\System32\USER32.dll
0x00007ffb32f20000 - 0x00007ffb32f42000 	C:\Windows\System32\win32u.dll
0x00007ffb34880000 - 0x00007ffb348ab000 	C:\Windows\System32\GDI32.dll
0x00007ffb32ad0000 - 0x00007ffb32be9000 	C:\Windows\System32\gdi32full.dll
0x00007ffb33300000 - 0x00007ffb3339d000 	C:\Windows\System32\msvcp_win.dll
0x00007ffb270c0000 - 0x00007ffb2735a000 	C:\Windows\WinSxS\amd64_microsoft.windows.common-controls_6595b64144ccf1df_6.0.19041.5915_none_60b4b9d171f9c7c7\COMCTL32.dll
0x00007ffb333e0000 - 0x00007ffb3347e000 	C:\Windows\System32\msvcrt.dll
0x00007ffb34850000 - 0x00007ffb3487f000 	C:\Windows\System32\IMM32.DLL
0x00007ffb26d20000 - 0x00007ffb26d2c000 	C:\Users\Hp\AppData\Local\Programs\Eclipse Adoptium\jdk-25.0.1.8-hotspot\bin\vcruntime140_1.dll
0x00007ffb144e0000 - 0x00007ffb1456d000 	C:\Users\Hp\AppData\Local\Programs\Eclipse Adoptium\jdk-25.0.1.8-hotspot\bin\msvcp140.dll
0x00007ffac7d30000 - 0x00007ffac8c56000 	C:\Users\Hp\AppData\Local\Programs\Eclipse Adoptium\jdk-25.0.1.8-hotspot\bin\server\jvm.dll
0x00007ffb33810000 - 0x00007ffb338c1000 	C:\Windows\System32\ADVAPI32.dll
0x00007ffb338e0000 - 0x00007ffb3397f000 	C:\Windows\System32\sechost.dll
0x00007ffb33c90000 - 0x00007ffb33db6000 	C:\Windows\System32\RPCRT4.dll
0x00007ffb333a0000 - 0x00007ffb333c7000 	C:\Windows\System32\bcrypt.dll
0x00007ffb33ff0000 - 0x00007ffb3405b000 	C:\Windows\System32\WS2_32.dll
0x00007ffb23670000 - 0x00007ffb23697000 	C:\Windows\SYSTEM32\WINMM.dll
0x00007ffb328a0000 - 0x00007ffb328eb000 	C:\Windows\SYSTEM32\POWRPROF.dll
0x00007ffb280d0000 - 0x00007ffb280da000 	C:\Windows\SYSTEM32\VERSION.dll
0x00007ffb32880000 - 0x00007ffb32892000 	C:\Windows\SYSTEM32\UMPDC.dll
0x00007ffb31270000 - 0x00007ffb31282000 	C:\Windows\SYSTEM32\kernel.appcore.dll
0x00007ffb24230000 - 0x00007ffb2423a000 	C:\Users\Hp\AppData\Local\Programs\Eclipse Adoptium\jdk-25.0.1.8-hotspot\bin\jimage.dll
0x00007ffb23a60000 - 0x00007ffb23c61000 	C:\Windows\SYSTEM32\DBGHELP.DLL
0x00007ffb16d20000 - 0x00007ffb16d54000 	C:\Windows\SYSTEM32\dbgcore.DLL
0x00007ffb32a40000 - 0x00007ffb32ac2000 	C:\Windows\System32\bcryptPrimitives.dll
0x00007ffb1da10000 - 0x00007ffb1da1f000 	C:\Users\Hp\AppData\Local\Programs\Eclipse Adoptium\jdk-25.0.1.8-hotspot\bin\instrument.dll
0x00007ffb19560000 - 0x00007ffb1957e000 	C:\Users\Hp\AppData\Local\Programs\Eclipse Adoptium\jdk-25.0.1.8-hotspot\bin\java.dll
0x00007ffb33610000 - 0x00007ffb3373b000 	C:\Windows\System32\ole32.dll
0x00007ffb348b0000 - 0x00007ffb34c03000 	C:\Windows\System32\combase.dll
0x00007ffb34060000 - 0x00007ffb347ce000 	C:\Windows\System32\SHELL32.dll
0x00007ffb30430000 - 0x00007ffb30bd4000 	C:\Windows\SYSTEM32\windows.storage.dll
0x00007ffb32320000 - 0x00007ffb3234b000 	C:\Windows\SYSTEM32\Wldp.dll
0x00007ffb33740000 - 0x00007ffb3380d000 	C:\Windows\System32\OLEAUT32.dll
0x00007ffb33b30000 - 0x00007ffb33bdd000 	C:\Windows\System32\SHCORE.dll
0x00007ffb335b0000 - 0x00007ffb3360b000 	C:\Windows\System32\shlwapi.dll
0x00007ffb32970000 - 0x00007ffb32994000 	C:\Windows\SYSTEM32\profapi.dll
0x00007ffb167f0000 - 0x00007ffb16807000 	C:\Users\Hp\AppData\Local\Programs\Eclipse Adoptium\jdk-25.0.1.8-hotspot\bin\zip.dll
0x00007ffb16710000 - 0x00007ffb16721000 	C:\Users\Hp\AppData\Local\Programs\Eclipse Adoptium\jdk-25.0.1.8-hotspot\bin\net.dll
0x00007ffb32100000 - 0x00007ffb3216a000 	C:\Windows\system32\mswsock.dll
0x00007ffb166f0000 - 0x00007ffb16706000 	C:\Users\Hp\AppData\Local\Programs\Eclipse Adoptium\jdk-25.0.1.8-hotspot\bin\nio.dll
0x00007ffa9dd00000 - 0x00007ffaa44e2000 	C:\Tools\LLVM-21.1.8-Compiler\llvm-21.1.8-windows-amd64-msvc17-msvcrt\bin\LLVM-C.dll
0x00007ffb19500000 - 0x00007ffb19509000 	C:\Users\Hp\AppData\Local\Programs\Eclipse Adoptium\jdk-25.0.1.8-hotspot\bin\extnet.dll
0x00007ffb19490000 - 0x00007ffb19499000 	C:\Users\Hp\AppData\Local\Programs\Eclipse Adoptium\jdk-25.0.1.8-hotspot\bin\syslookup.dll

JVMTI agents:
C:\Program Files\JetBrains\IntelliJ IDEA Community Edition 2025.2.2\lib\idea_rt.jar path:C:\Users\Hp\AppData\Local\Programs\Eclipse Adoptium\jdk-25.0.1.8-hotspot\bin\instrument.dll, loaded, initialized, instrumentlib options:45845

dbghelp: loaded successfully - version: 4.0.5 - missing functions: none
symbol engine: initialized successfully - sym options: 0x614 - pdb path: .;C:\Users\Hp\AppData\Local\Programs\Eclipse Adoptium\jdk-25.0.1.8-hotspot\bin;C:\Windows\SYSTEM32;C:\Windows\WinSxS\amd64_microsoft.windows.common-controls_6595b64144ccf1df_6.0.19041.5915_none_60b4b9d171f9c7c7;C:\Users\Hp\AppData\Local\Programs\Eclipse Adoptium\jdk-25.0.1.8-hotspot\bin\server;C:\Tools\LLVM-21.1.8-Compiler\llvm-21.1.8-windows-amd64-msvc17-msvcrt\bin

VM Arguments:
jvm_args: --enable-native-access=ALL-UNNAMED -javaagent:C:\Program Files\JetBrains\IntelliJ IDEA Community Edition 2025.2.2\lib\idea_rt.jar=45845 -Dfile.encoding=UTF-8 -Dsun.stdout.encoding=UTF-8 -Dsun.stderr.encoding=UTF-8 
java_command: ivy.compiler.TestRunner
java_class_path (initial): C:\Users\Hp\Project IVY\out\production\Project IVY
Launcher Type: SUN_STANDARD

[Global flags]
     intx CICompilerCount                          = 3                                         {product} {ergonomic}
     uint ConcGCThreads                            = 1                                         {product} {ergonomic}
     uint G1ConcRefinementThreads                  = 4                                         {product} {ergonomic}
   size_t G1HeapRegionSize                         = 1048576                                   {product} {ergonomic}
   size_t InitialHeapSize                          = 100663296                                 {product} {ergonomic}
   size_t MarkStackSize                            = 4194304                                   {product} {ergonomic}
   size_t MarkStackSizeMax                         = 536870912                                 {product} {ergonomic}
   size_t MaxHeapSize                              = 1579155456                                {product} {ergonomic}
   size_t MaxNewSize                               = 946864128                                 {product} {ergonomic}
   size_t MinHeapDeltaBytes                        = 1048576                                   {product} {ergonomic}
   size_t MinHeapSize                              = 8388608                                   {product} {ergonomic}
    uintx NonNMethodCodeHeapSize                   = 5832704                                {pd product} {ergonomic}
    uintx NonProfiledCodeHeapSize                  = 122945536                              {pd product} {ergonomic}
    uintx ProfiledCodeHeapSize                     = 122880000                              {pd product} {ergonomic}
    uintx ReservedCodeCacheSize                    = 251658240                              {pd product} {ergonomic}
     bool SegmentedCodeCache                       = true                                      {product} {ergonomic}
   size_t SoftMaxHeapSize                          = 1579155456                             {manageable} {ergonomic}
     bool UseCompressedOops                        = true                           {product lp64_product} {ergonomic}
     bool UseG1GC                                  = true                                      {product} {ergonomic}
     bool UseLargePagesIndividualAllocation        = false                                  {pd product} {ergonomic}

Logging:
Log output configuration:
 #0: stdout all=warning uptime,level,tags foldmultilines=false
 #1: stderr all=off uptime,level,tags foldmultilines=false

Release file:
IMPLEMENTOR="Eclipse Adoptium" 
IMPLEMENTOR_VERSION="Temurin-25.0.1+8" 
JAVA_RUNTIME_VERSION="25.0.1+8-LTS" 
JAVA_VERSION="25.0.1" 
JAVA_VERSION_DATE="2025-10-21" 
LIBC="default" 
MODULES="java.base java.compiler java.datatransfer java.xml java.prefs java.desktop java.instrument java.logging java.management java.security.sasl java.naming java.rmi java.management.rmi java.net.http java.scripting java.security.jgss java.transaction.xa java.sql java.sql.rowset java.xml.crypto java.se java.smartcardio jdk.accessibility jdk.internal.jvmstat jdk.attach jdk.charsets jdk.internal.opt jdk.zipfs jdk.compiler jdk.crypto.cryptoki jdk.crypto.ec jdk.crypto.mscapi jdk.dynalink jdk.internal.ed jdk.editpad jdk.internal.vm.ci jdk.graal.compiler jdk.graal.compiler.management jdk.hotspot.agent jdk.httpserver jdk.incubator.vector jdk.internal.le jdk.internal.md jdk.jartool jdk.javadoc jdk.jcmd jdk.management jdk.management.agent jdk.jconsole jdk.jdeps jdk.jdwp.agent jdk.jdi jdk.jfr jdk.jlink jdk.jpackage jdk.jshell jdk.jsobject jdk.jstatd jdk.localedata jdk.management.jfr jdk.naming.dns jdk.naming.rmi jdk.net jdk.nio.mapmode jdk.sctp jdk.security.auth jdk.security.jgss jdk.unsupported jdk.unsupported.desktop jdk.xml.dom" 
OS_ARCH="x86_64" 
OS_NAME="Windows" 
SOURCE=".:git:61d6a2c1b35e" 
BUILD_SOURCE="git:839fa0b45d809157cffd3dc8515aad262a4a1776"
BUILD_SOURCE_REPO="https://github.com/adoptium/temurin-build.git"
SOURCE_REPO="https://github.com/adoptium/jdk25u.git"
FULL_VERSION="25.0.1+8-LTS"
SEMANTIC_VERSION="25.0.1+8"
BUILD_INFO="OS: Windows Server 2022 Version: 10.0"
JVM_VARIANT="Hotspot"
JVM_VERSION="25.0.1+8-LTS"
IMAGE_TYPE="JDK"

Environment Variables:
JAVA_HOME=C:\Users\Hp\Downloads\graalvm-jdk-25_windows-x64_bin\graalvm-jdk-25.0.1+8.1
PATH=C:\Program Files\Arduino CLI\;C:\Program Files\dotnet\;C:\D\dmd2\windows\bin64;C:\D\dmd2\windows\bin;C:\Program Files\Git\cmd;C:\Users\Hp\AppData\Local\Programs\Python\Python312\Scripts\;C:\Users\Hp\AppData\Local\Programs\Python\Python312\;C:\Users\Hp\AppData\Local\Programs\LDC 1.42\bin;C:\Users\Hp\.cargo\bin;C:\msys64\ucrt64\bin;C:\Users\Hp\Downloads\graalvm-jdk-25_windows-x64_bin\graalvm-jdk-25.0.1+8.1\bin;C:\Users\Hp\AppData\Local\Programs\Eclipse Adoptium\jdk-21.0.5.11-hotspot\bin;C:\Users\Hp\AppData\Local\Programs\Eclipse Adoptium\jdk-25.0.1.8-hotspot\bin;C:\Users\Hp\AppData\Local\Programs\Python\Launcher\;C:\Users\Hp\AppData\Local\Microsoft\WindowsApps;C:\Users\Hp\Downloads\New folder;C:\Users\Hp\AppData\Roaming\npm;C:\Users\Hp\Downloads\apache-maven-3.9.11-bin\apache-maven-3.9.11\bin;C:\Users\Hp\Downloads\Golink;C:\Users\Hp\Downloads\ffmpeg-8.0.1-essentials_build\ffmpeg-8.0.1-essentials_build\bin;C:\Windows\System32;C:\Users\Hp\Downloads\openvino_toolkit_windows_2025.4.1.20426.82bbf0292c5_x86_64\openvino_toolkit_windows_2025.4.1.20426.82bbf0292c5_x86_64\runtime\bin\intel64\Release;C:\Users\Hp\.dotnet\tools;C:\Users\Hp\AppData\Local\Programs\Microsoft VS Code\bin;C:\Program Files\qemu;C:\Program Files (x86)\Nmap;C:\Users\Hp\AppData\Local\Microsoft\WinGet\Links;C:\DOSBox-X;C:\Program Files (x86)\DOSBox-0.74-3;C:\Tools\LLVM-21.1.8-Compiler\llvm-21.1.8-windows-amd64-msvc17-msvcrt\bin;C:\Tools\JExtract-25+2-4\jextract-25\bin;C:\Tools\Android-CLI\build-tools\34.0.0;C:\Tools\Android-CLI\cmdline-tools\latest\bin;C:\Tools\Android-CLI\platform-tools;C:\Users\Hp\Downloads\serve-d_0.7.6-windows-x86_64;C:\Users\Hp\AppData\Local\PowerToys\DSCModules\
USERNAME=Hp
OS=Windows_NT
PROCESSOR_IDENTIFIER=Intel64 Family 6 Model 58 Stepping 9, GenuineIntel
TMP=C:\Users\Hp\AppData\Local\Temp
TEMP=C:\Users\Hp\AppData\Local\Temp




Compilation memory statistics disabled.

Periodic native trim disabled

---------------  S Y S T E M  ---------------

OS:
 Windows 10 , 64 bit Build 19041 (10.0.19041.5915)
OS uptime: 0 days 9:01 hours
Hyper-V role detected

CPU: total 4 (initial active 4) (2 cores per cpu, 2 threads per core) family 6 model 58 stepping 9 microcode 0x21, cx8, cmov, fxsr, ht, mmx, sse, sse2, sse3, ssse3, sse4.1, sse4.2, popcnt, tsc, tscinvbit, avx, aes, erms, clmul, vzeroupper, clflush, hv, rdtscp, f16c
Processor Information for the first 4 processors :
  Max Mhz: 2801, Current Mhz: 2801, Mhz Limit: 2801

Memory: 4k page, system-wide physical 6023M (836M free)
TotalPageFile size 13703M (AvailPageFile size 4519M)
current process WorkingSet (physical memory assigned to process): 65M, peak: 65M
current process commit charge ("private bytes"): 184M, peak: 185M

vm_info: OpenJDK 64-Bit Server VM (25.0.1+8-LTS) for windows-amd64 JRE (25.0.1+8-LTS), built on 2025-10-21T00:00:00Z with unknown MS VC++:1942

END.
